// Jest Snapshot v1, https://goo.gl/fbAQLP

exports[` 1`] = `
Selection {
  "_groups": Array [
    Array [
      <table
        id="tblVis"
      >
        <thead>
          <tr>
            <th
              id="th_id"
            >
              id
              <button
                class="pull-right btnEyeSlash"
                data-toggle="tooltip"
                title="Hide Column"
              >
                <i
                  class="fa fa-eye-slash eyeSlash"
                />
              </button>
            </th>
            <th
              id="th_altersgruppe"
            >
              altersgruppe
              <button
                class="pull-right btnEyeSlash"
                data-toggle="tooltip"
                title="Hide Column"
              >
                <i
                  class="fa fa-eye-slash eyeSlash"
                />
              </button>
            </th>
            <th
              id="th_fallzahl"
            >
              fallzahl
              <button
                class="pull-right btnEyeSlash"
                data-toggle="tooltip"
                title="Hide Column"
              >
                <i
                  class="fa fa-eye-slash eyeSlash"
                />
              </button>
            </th>
            <th
              id="th_differenz"
            >
              differenz
              <button
                class="pull-right btnEyeSlash"
                data-toggle="tooltip"
                title="Hide Column"
              >
                <i
                  class="fa fa-eye-slash eyeSlash"
                />
              </button>
            </th>
            <th
              id="th_inzidenz"
            >
              inzidenz
              <button
                class="pull-right btnEyeSlash"
                data-toggle="tooltip"
                title="Hide Column"
              >
                <i
                  class="fa fa-eye-slash eyeSlash"
                />
              </button>
            </th>
          </tr>
        </thead>
        <tbody>
          <tr
            id="tr_0"
          >
            <td />
            <td />
            <td />
            <td />
            <td />
          </tr>
          <tr
            id="tr_1"
          >
            <td />
            <td />
            <td />
            <td />
            <td />
          </tr>
          <tr
            id="tr_2"
          >
            <td />
            <td />
            <td />
            <td />
            <td />
          </tr>
          <tr
            id="tr_3"
          >
            <td />
            <td />
            <td />
            <td />
            <td />
          </tr>
          <tr
            id="tr_4"
          >
            <td />
            <td />
            <td />
            <td />
            <td />
          </tr>
          <tr
            id="tr_5"
          >
            <td />
            <td />
            <td />
            <td />
            <td />
          </tr>
          <tr
            id="tr_6"
          >
            <td />
            <td />
            <td />
            <td />
            <td />
          </tr>
          <tr
            id="tr_7"
          >
            <td />
            <td />
            <td />
            <td />
            <td />
          </tr>
          <tr
            id="tr_8"
          >
            <td />
            <td />
            <td />
            <td />
            <td />
          </tr>
          <tr
            id="tr_9"
          >
            <td />
            <td />
            <td />
            <td />
            <td />
          </tr>
          <tr
            id="tr_7"
          >
            <td />
            <td />
            <td />
            <td />
            <td />
          </tr>
          <tr
            id="tr_11"
          >
            <td />
            <td />
            <td />
            <td />
            <td />
          </tr>
          <tr
            id="tr_12"
          >
            <td />
            <td />
            <td />
            <td />
            <td />
          </tr>
          <tr
            id="tr_12"
          >
            <td />
            <td />
            <td />
            <td />
            <td />
          </tr>
          <tr
            id="tr_6"
          >
            <td />
            <td />
            <td />
            <td />
            <td />
          </tr>
          <tr
            id="tr_2"
          >
            <td />
            <td />
            <td />
            <td />
            <td />
          </tr>
          <tr
            id="tr_16"
          >
            <td />
            <td />
            <td />
            <td />
            <td />
          </tr>
          <tr
            id="tr_3"
          >
            <td />
            <td />
            <td />
            <td />
            <td />
          </tr>
          <tr
            id="tr_4"
          >
            <td />
            <td />
            <td />
            <td />
            <td />
          </tr>
          <tr
            id="tr_4"
          >
            <td />
            <td />
            <td />
            <td />
            <td />
          </tr>
          <tr
            id="tr_20"
          >
            <td />
            <td />
            <td />
            <td />
            <td />
          </tr>
          <tr
            id="tr_3"
          >
            <td />
            <td />
            <td />
            <td />
            <td />
          </tr>
          <tr
            id="tr_22"
          >
            <td />
            <td />
            <td />
            <td />
            <td />
          </tr>
          <tr
            id="tr_4"
          >
            <td />
            <td />
            <td />
            <td />
            <td />
          </tr>
          <tr
            id="tr_2"
          >
            <td />
            <td />
            <td />
            <td />
            <td />
          </tr>
          <tr
            id="tr_1"
          >
            <td />
            <td />
            <td />
            <td />
            <td />
          </tr>
          <tr
            id="tr_0"
          >
            <td />
            <td />
            <td />
            <td />
            <td />
          </tr>
          <tr
            id="tr_16"
          >
            <td />
            <td />
            <td />
            <td />
            <td />
          </tr>
          <tr
            id="tr_16"
          >
            <td />
            <td />
            <td />
            <td />
            <td />
          </tr>
          <tr
            id="tr_6"
          >
            <td />
            <td />
            <td />
            <td />
            <td />
          </tr>
          <tr
            id="tr_7"
          >
            <td />
            <td />
            <td />
            <td />
            <td />
          </tr>
          <tr
            id="tr_6"
          >
            <td />
            <td />
            <td />
            <td />
            <td />
          </tr>
          <tr
            id="tr_32"
          >
            <td />
            <td />
            <td />
            <td />
            <td />
          </tr>
          <tr
            id="tr_20"
          >
            <td />
            <td />
            <td />
            <td />
            <td />
          </tr>
          <tr
            id="tr_2"
          >
            <td />
            <td />
            <td />
            <td />
            <td />
          </tr>
          <tr
            id="tr_0"
          >
            <td />
            <td />
            <td />
            <td />
            <td />
          </tr>
          <tr
            id="tr_32"
          >
            <td />
            <td />
            <td />
            <td />
            <td />
          </tr>
          <tr
            id="tr_20"
          >
            <td />
            <td />
            <td />
            <td />
            <td />
          </tr>
          <tr
            id="tr_0"
          >
            <td />
            <td />
            <td />
            <td />
            <td />
          </tr>
          <tr
            id="tr_1"
          >
            <td />
            <td />
            <td />
            <td />
            <td />
          </tr>
          <tr
            id="tr_6"
          >
            <td />
            <td />
            <td />
            <td />
            <td />
          </tr>
          <tr
            id="tr_32"
          >
            <td />
            <td />
            <td />
            <td />
            <td />
          </tr>
          <tr
            id="tr_20"
          >
            <td />
            <td />
            <td />
            <td />
            <td />
          </tr>
          <tr
            id="tr_43"
          >
            <td />
            <td />
            <td />
            <td />
            <td />
          </tr>
          <tr
            id="tr_44"
          >
            <td />
            <td />
            <td />
            <td />
            <td />
          </tr>
          <tr
            id="tr_2"
          >
            <td />
            <td />
            <td />
            <td />
            <td />
          </tr>
          <tr
            id="tr_46"
          >
            <td />
            <td />
            <td />
            <td />
            <td />
          </tr>
          <tr
            id="tr_47"
          >
            <td />
            <td />
            <td />
            <td />
            <td />
          </tr>
          <tr
            id="tr_48"
          >
            <td />
            <td />
            <td />
            <td />
            <td />
          </tr>
          <tr
            id="tr_2"
          >
            <td />
            <td />
            <td />
            <td />
            <td />
          </tr>
          <tr
            id="tr_50"
          >
            <td />
            <td />
            <td />
            <td />
            <td />
          </tr>
          <tr
            id="tr_50"
          >
            <td />
            <td />
            <td />
            <td />
            <td />
          </tr>
          <tr
            id="tr_2"
          >
            <td />
            <td />
            <td />
            <td />
            <td />
          </tr>
          <tr
            id="tr_44"
          >
            <td />
            <td />
            <td />
            <td />
            <td />
          </tr>
          <tr
            id="tr_2"
          >
            <td />
            <td />
            <td />
            <td />
            <td />
          </tr>
          <tr
            id="tr_48"
          >
            <td />
            <td />
            <td />
            <td />
            <td />
          </tr>
          <tr
            id="tr_46"
          >
            <td />
            <td />
            <td />
            <td />
            <td />
          </tr>
          <tr
            id="tr_57"
          >
            <td />
            <td />
            <td />
            <td />
            <td />
          </tr>
          <tr
            id="tr_58"
          >
            <td />
            <td />
            <td />
            <td />
            <td />
          </tr>
          <tr
            id="tr_43"
          >
            <td />
            <td />
            <td />
            <td />
            <td />
          </tr>
          <tr
            id="tr_58"
          >
            <td />
            <td />
            <td />
            <td />
            <td />
          </tr>
          <tr
            id="tr_2"
          >
            <td />
            <td />
            <td />
            <td />
            <td />
          </tr>
          <tr
            id="tr_62"
          >
            <td />
            <td />
            <td />
            <td />
            <td />
          </tr>
          <tr
            id="tr_63"
          >
            <td />
            <td />
            <td />
            <td />
            <td />
          </tr>
          <tr
            id="tr_47"
          >
            <td />
            <td />
            <td />
            <td />
            <td />
          </tr>
          <tr
            id="tr_65"
          >
            <td />
            <td />
            <td />
            <td />
            <td />
          </tr>
          <tr
            id="tr_2"
          >
            <td />
            <td />
            <td />
            <td />
            <td />
          </tr>
          <tr
            id="tr_58"
          >
            <td />
            <td />
            <td />
            <td />
            <td />
          </tr>
          <tr
            id="tr_65"
          >
            <td />
            <td />
            <td />
            <td />
            <td />
          </tr>
          <tr
            id="tr_2"
          >
            <td />
            <td />
            <td />
            <td />
            <td />
          </tr>
          <tr
            id="tr_70"
          >
            <td />
            <td />
            <td />
            <td />
            <td />
          </tr>
          <tr
            id="tr_2"
          >
            <td />
            <td />
            <td />
            <td />
            <td />
          </tr>
          <tr
            id="tr_48"
          >
            <td />
            <td />
            <td />
            <td />
            <td />
          </tr>
          <tr
            id="tr_46"
          >
            <td />
            <td />
            <td />
            <td />
            <td />
          </tr>
          <tr
            id="tr_57"
          >
            <td />
            <td />
            <td />
            <td />
            <td />
          </tr>
          <tr
            id="tr_65"
          >
            <td />
            <td />
            <td />
            <td />
            <td />
          </tr>
          <tr
            id="tr_43"
          >
            <td />
            <td />
            <td />
            <td />
            <td />
          </tr>
          <tr
            id="tr_65"
          >
            <td />
            <td />
            <td />
            <td />
            <td />
          </tr>
          <tr
            id="tr_2"
          >
            <td />
            <td />
            <td />
            <td />
            <td />
          </tr>
          <tr
            id="tr_62"
          >
            <td />
            <td />
            <td />
            <td />
            <td />
          </tr>
          <tr
            id="tr_70"
          >
            <td />
            <td />
            <td />
            <td />
            <td />
          </tr>
          <tr
            id="tr_46"
          >
            <td />
            <td />
            <td />
            <td />
            <td />
          </tr>
          <tr
            id="tr_47"
          >
            <td />
            <td />
            <td />
            <td />
            <td />
          </tr>
          <tr
            id="tr_70"
          >
            <td />
            <td />
            <td />
            <td />
            <td />
          </tr>
          <tr
            id="tr_48"
          >
            <td />
            <td />
            <td />
            <td />
            <td />
          </tr>
          <tr
            id="tr_2"
          >
            <td />
            <td />
            <td />
            <td />
            <td />
          </tr>
          <tr
            id="tr_70"
          >
            <td />
            <td />
            <td />
            <td />
            <td />
          </tr>
          <tr
            id="tr_46"
          >
            <td />
            <td />
            <td />
            <td />
            <td />
          </tr>
          <tr
            id="tr_48"
          >
            <td />
            <td />
            <td />
            <td />
            <td />
          </tr>
          <tr
            id="tr_2"
          >
            <td />
            <td />
            <td />
            <td />
            <td />
          </tr>
          <tr
            id="tr_46"
          >
            <td />
            <td />
            <td />
            <td />
            <td />
          </tr>
          <tr
            id="tr_2"
          >
            <td />
            <td />
            <td />
            <td />
            <td />
          </tr>
          <tr
            id="tr_58"
          >
            <td />
            <td />
            <td />
            <td />
            <td />
          </tr>
          <tr
            id="tr_93"
          >
            <td />
            <td />
            <td />
            <td />
            <td />
          </tr>
          <tr
            id="tr_43"
          >
            <td />
            <td />
            <td />
            <td />
            <td />
          </tr>
        </tbody>
        <tfoot>
          <tr
            class="footer-columns"
          >
            <th
              class="footerRestoreColumn"
              colspan="5"
            >
              <a
                class="restore-columns"
                href="#"
              >
                Some columns hidden - click to show all
              </a>
            </th>
          </tr>
        </tfoot>
      </table>,
    ],
  ],
  "_parents": Array [
    <html>
      <head>
        <link
          href="src/main.css"
          media="all"
          rel="stylesheet"
          type="text/css"
        />
        <link
          href="/node_modules/font-awesome/css/font-awesome.css"
          media="all"
          rel="stylesheet"
          type="text/css"
        />
        <link
          href="/node_modules/bootstrap/dist/css/bootstrap.min.css"
          media="all"
          rel="stylesheet"
          type="text/css"
        />
      </head>
      <body>
        <div
          id="createBtnDiv"
        >
          <div
            class="gridGraphBtnDiv"
          >
            <button
              class="btn btn-primary"
              id="gridBtnForAddEvent"
            >
              Grid
            </button>
            <div
              class="dropdown"
            >
              <button
                class="btn btn-primary dropdown-toggle"
                data-toggle="dropdown"
                id="selectedBtn"
                style="margin-left:5px"
              >
                Graph
              </button>
              <div
                class="dropdown-menu"
                style="padding:0"
              >
                <li>
                  <a
                    data-target="#ConnectedChartModal"
                    data-toggle="modal"
                    href=""
                  >
                    ConnectedChart
                  </a>
                </li>
                <li>
                  <a
                    data-target="#BarChartModal"
                    data-toggle="modal"
                    href=""
                  >
                    BarChart
                  </a>
                </li>
              </div>
            </div>
          </div>
          <div
            class="gridGraphBtnDiv"
          >
            <button
              class="btn btn-primary"
              id="gridBtnForAddEvent"
            >
              Grid
            </button>
            <div
              class="dropdown"
            >
              <button
                class="btn btn-primary dropdown-toggle"
                data-toggle="dropdown"
                id="selectedBtn"
                style="margin-left:5px"
              >
                Graph
              </button>
              <div
                class="dropdown-menu"
                style="padding:0"
              >
                <li>
                  <a
                    data-target="#ConnectedChartModal"
                    data-toggle="modal"
                    href=""
                  >
                    ConnectedChart
                  </a>
                </li>
                <li>
                  <a
                    data-target="#BarChartModal"
                    data-toggle="modal"
                    href=""
                  >
                    BarChart
                  </a>
                </li>
              </div>
            </div>
          </div>
        </div>
        <div
          id="errorHTML"
        >
          <div
            class="js-temp-notice alert alert-warning alert-block"
          >
            <h3
              class="alert-heading"
            >
              File type not supported!
            </h3>
            <p>
              Text of p-Element
            </p>
          </div>
        </div>
        <div
          id="createAndModifyDivs"
        >
          <div
            class="showSheet"
            id="showSheet"
            style="display: flex;"
          />
          <div
            id="sheetsDiv"
            style="display: flex; flex-wrap: wrap; justify-content: center; margin-top: 10px;"
          />
        </div>
        <div
          id="createBtnDiv"
        />
        <div
          id="gridTable"
        >
          <div
            id="gridVisualization"
            style="margin-left: 20px;"
          >
            <table
              id="tblVis"
            >
              <thead>
                <tr>
                  <th
                    id="th_id"
                  >
                    id
                    <button
                      class="pull-right btnEyeSlash"
                      data-toggle="tooltip"
                      title="Hide Column"
                    >
                      <i
                        class="fa fa-eye-slash eyeSlash"
                      />
                    </button>
                  </th>
                  <th
                    id="th_altersgruppe"
                  >
                    altersgruppe
                    <button
                      class="pull-right btnEyeSlash"
                      data-toggle="tooltip"
                      title="Hide Column"
                    >
                      <i
                        class="fa fa-eye-slash eyeSlash"
                      />
                    </button>
                  </th>
                  <th
                    id="th_fallzahl"
                  >
                    fallzahl
                    <button
                      class="pull-right btnEyeSlash"
                      data-toggle="tooltip"
                      title="Hide Column"
                    >
                      <i
                        class="fa fa-eye-slash eyeSlash"
                      />
                    </button>
                  </th>
                  <th
                    id="th_differenz"
                  >
                    differenz
                    <button
                      class="pull-right btnEyeSlash"
                      data-toggle="tooltip"
                      title="Hide Column"
                    >
                      <i
                        class="fa fa-eye-slash eyeSlash"
                      />
                    </button>
                  </th>
                  <th
                    id="th_inzidenz"
                  >
                    inzidenz
                    <button
                      class="pull-right btnEyeSlash"
                      data-toggle="tooltip"
                      title="Hide Column"
                    >
                      <i
                        class="fa fa-eye-slash eyeSlash"
                      />
                    </button>
                  </th>
                </tr>
              </thead>
              <tbody>
                <tr
                  id="tr_0"
                >
                  <td />
                  <td />
                  <td />
                  <td />
                  <td />
                </tr>
                <tr
                  id="tr_1"
                >
                  <td />
                  <td />
                  <td />
                  <td />
                  <td />
                </tr>
                <tr
                  id="tr_2"
                >
                  <td />
                  <td />
                  <td />
                  <td />
                  <td />
                </tr>
                <tr
                  id="tr_3"
                >
                  <td />
                  <td />
                  <td />
                  <td />
                  <td />
                </tr>
                <tr
                  id="tr_4"
                >
                  <td />
                  <td />
                  <td />
                  <td />
                  <td />
                </tr>
                <tr
                  id="tr_5"
                >
                  <td />
                  <td />
                  <td />
                  <td />
                  <td />
                </tr>
                <tr
                  id="tr_6"
                >
                  <td />
                  <td />
                  <td />
                  <td />
                  <td />
                </tr>
                <tr
                  id="tr_7"
                >
                  <td />
                  <td />
                  <td />
                  <td />
                  <td />
                </tr>
                <tr
                  id="tr_8"
                >
                  <td />
                  <td />
                  <td />
                  <td />
                  <td />
                </tr>
                <tr
                  id="tr_9"
                >
                  <td />
                  <td />
                  <td />
                  <td />
                  <td />
                </tr>
                <tr
                  id="tr_7"
                >
                  <td />
                  <td />
                  <td />
                  <td />
                  <td />
                </tr>
                <tr
                  id="tr_11"
                >
                  <td />
                  <td />
                  <td />
                  <td />
                  <td />
                </tr>
                <tr
                  id="tr_12"
                >
                  <td />
                  <td />
                  <td />
                  <td />
                  <td />
                </tr>
                <tr
                  id="tr_12"
                >
                  <td />
                  <td />
                  <td />
                  <td />
                  <td />
                </tr>
                <tr
                  id="tr_6"
                >
                  <td />
                  <td />
                  <td />
                  <td />
                  <td />
                </tr>
                <tr
                  id="tr_2"
                >
                  <td />
                  <td />
                  <td />
                  <td />
                  <td />
                </tr>
                <tr
                  id="tr_16"
                >
                  <td />
                  <td />
                  <td />
                  <td />
                  <td />
                </tr>
                <tr
                  id="tr_3"
                >
                  <td />
                  <td />
                  <td />
                  <td />
                  <td />
                </tr>
                <tr
                  id="tr_4"
                >
                  <td />
                  <td />
                  <td />
                  <td />
                  <td />
                </tr>
                <tr
                  id="tr_4"
                >
                  <td />
                  <td />
                  <td />
                  <td />
                  <td />
                </tr>
                <tr
                  id="tr_20"
                >
                  <td />
                  <td />
                  <td />
                  <td />
                  <td />
                </tr>
                <tr
                  id="tr_3"
                >
                  <td />
                  <td />
                  <td />
                  <td />
                  <td />
                </tr>
                <tr
                  id="tr_22"
                >
                  <td />
                  <td />
                  <td />
                  <td />
                  <td />
                </tr>
                <tr
                  id="tr_4"
                >
                  <td />
                  <td />
                  <td />
                  <td />
                  <td />
                </tr>
                <tr
                  id="tr_2"
                >
                  <td />
                  <td />
                  <td />
                  <td />
                  <td />
                </tr>
                <tr
                  id="tr_1"
                >
                  <td />
                  <td />
                  <td />
                  <td />
                  <td />
                </tr>
                <tr
                  id="tr_0"
                >
                  <td />
                  <td />
                  <td />
                  <td />
                  <td />
                </tr>
                <tr
                  id="tr_16"
                >
                  <td />
                  <td />
                  <td />
                  <td />
                  <td />
                </tr>
                <tr
                  id="tr_16"
                >
                  <td />
                  <td />
                  <td />
                  <td />
                  <td />
                </tr>
                <tr
                  id="tr_6"
                >
                  <td />
                  <td />
                  <td />
                  <td />
                  <td />
                </tr>
                <tr
                  id="tr_7"
                >
                  <td />
                  <td />
                  <td />
                  <td />
                  <td />
                </tr>
                <tr
                  id="tr_6"
                >
                  <td />
                  <td />
                  <td />
                  <td />
                  <td />
                </tr>
                <tr
                  id="tr_32"
                >
                  <td />
                  <td />
                  <td />
                  <td />
                  <td />
                </tr>
                <tr
                  id="tr_20"
                >
                  <td />
                  <td />
                  <td />
                  <td />
                  <td />
                </tr>
                <tr
                  id="tr_2"
                >
                  <td />
                  <td />
                  <td />
                  <td />
                  <td />
                </tr>
                <tr
                  id="tr_0"
                >
                  <td />
                  <td />
                  <td />
                  <td />
                  <td />
                </tr>
                <tr
                  id="tr_32"
                >
                  <td />
                  <td />
                  <td />
                  <td />
                  <td />
                </tr>
                <tr
                  id="tr_20"
                >
                  <td />
                  <td />
                  <td />
                  <td />
                  <td />
                </tr>
                <tr
                  id="tr_0"
                >
                  <td />
                  <td />
                  <td />
                  <td />
                  <td />
                </tr>
                <tr
                  id="tr_1"
                >
                  <td />
                  <td />
                  <td />
                  <td />
                  <td />
                </tr>
                <tr
                  id="tr_6"
                >
                  <td />
                  <td />
                  <td />
                  <td />
                  <td />
                </tr>
                <tr
                  id="tr_32"
                >
                  <td />
                  <td />
                  <td />
                  <td />
                  <td />
                </tr>
                <tr
                  id="tr_20"
                >
                  <td />
                  <td />
                  <td />
                  <td />
                  <td />
                </tr>
                <tr
                  id="tr_43"
                >
                  <td />
                  <td />
                  <td />
                  <td />
                  <td />
                </tr>
                <tr
                  id="tr_44"
                >
                  <td />
                  <td />
                  <td />
                  <td />
                  <td />
                </tr>
                <tr
                  id="tr_2"
                >
                  <td />
                  <td />
                  <td />
                  <td />
                  <td />
                </tr>
                <tr
                  id="tr_46"
                >
                  <td />
                  <td />
                  <td />
                  <td />
                  <td />
                </tr>
                <tr
                  id="tr_47"
                >
                  <td />
                  <td />
                  <td />
                  <td />
                  <td />
                </tr>
                <tr
                  id="tr_48"
                >
                  <td />
                  <td />
                  <td />
                  <td />
                  <td />
                </tr>
                <tr
                  id="tr_2"
                >
                  <td />
                  <td />
                  <td />
                  <td />
                  <td />
                </tr>
                <tr
                  id="tr_50"
                >
                  <td />
                  <td />
                  <td />
                  <td />
                  <td />
                </tr>
                <tr
                  id="tr_50"
                >
                  <td />
                  <td />
                  <td />
                  <td />
                  <td />
                </tr>
                <tr
                  id="tr_2"
                >
                  <td />
                  <td />
                  <td />
                  <td />
                  <td />
                </tr>
                <tr
                  id="tr_44"
                >
                  <td />
                  <td />
                  <td />
                  <td />
                  <td />
                </tr>
                <tr
                  id="tr_2"
                >
                  <td />
                  <td />
                  <td />
                  <td />
                  <td />
                </tr>
                <tr
                  id="tr_48"
                >
                  <td />
                  <td />
                  <td />
                  <td />
                  <td />
                </tr>
                <tr
                  id="tr_46"
                >
                  <td />
                  <td />
                  <td />
                  <td />
                  <td />
                </tr>
                <tr
                  id="tr_57"
                >
                  <td />
                  <td />
                  <td />
                  <td />
                  <td />
                </tr>
                <tr
                  id="tr_58"
                >
                  <td />
                  <td />
                  <td />
                  <td />
                  <td />
                </tr>
                <tr
                  id="tr_43"
                >
                  <td />
                  <td />
                  <td />
                  <td />
                  <td />
                </tr>
                <tr
                  id="tr_58"
                >
                  <td />
                  <td />
                  <td />
                  <td />
                  <td />
                </tr>
                <tr
                  id="tr_2"
                >
                  <td />
                  <td />
                  <td />
                  <td />
                  <td />
                </tr>
                <tr
                  id="tr_62"
                >
                  <td />
                  <td />
                  <td />
                  <td />
                  <td />
                </tr>
                <tr
                  id="tr_63"
                >
                  <td />
                  <td />
                  <td />
                  <td />
                  <td />
                </tr>
                <tr
                  id="tr_47"
                >
                  <td />
                  <td />
                  <td />
                  <td />
                  <td />
                </tr>
                <tr
                  id="tr_65"
                >
                  <td />
                  <td />
                  <td />
                  <td />
                  <td />
                </tr>
                <tr
                  id="tr_2"
                >
                  <td />
                  <td />
                  <td />
                  <td />
                  <td />
                </tr>
                <tr
                  id="tr_58"
                >
                  <td />
                  <td />
                  <td />
                  <td />
                  <td />
                </tr>
                <tr
                  id="tr_65"
                >
                  <td />
                  <td />
                  <td />
                  <td />
                  <td />
                </tr>
                <tr
                  id="tr_2"
                >
                  <td />
                  <td />
                  <td />
                  <td />
                  <td />
                </tr>
                <tr
                  id="tr_70"
                >
                  <td />
                  <td />
                  <td />
                  <td />
                  <td />
                </tr>
                <tr
                  id="tr_2"
                >
                  <td />
                  <td />
                  <td />
                  <td />
                  <td />
                </tr>
                <tr
                  id="tr_48"
                >
                  <td />
                  <td />
                  <td />
                  <td />
                  <td />
                </tr>
                <tr
                  id="tr_46"
                >
                  <td />
                  <td />
                  <td />
                  <td />
                  <td />
                </tr>
                <tr
                  id="tr_57"
                >
                  <td />
                  <td />
                  <td />
                  <td />
                  <td />
                </tr>
                <tr
                  id="tr_65"
                >
                  <td />
                  <td />
                  <td />
                  <td />
                  <td />
                </tr>
                <tr
                  id="tr_43"
                >
                  <td />
                  <td />
                  <td />
                  <td />
                  <td />
                </tr>
                <tr
                  id="tr_65"
                >
                  <td />
                  <td />
                  <td />
                  <td />
                  <td />
                </tr>
                <tr
                  id="tr_2"
                >
                  <td />
                  <td />
                  <td />
                  <td />
                  <td />
                </tr>
                <tr
                  id="tr_62"
                >
                  <td />
                  <td />
                  <td />
                  <td />
                  <td />
                </tr>
                <tr
                  id="tr_70"
                >
                  <td />
                  <td />
                  <td />
                  <td />
                  <td />
                </tr>
                <tr
                  id="tr_46"
                >
                  <td />
                  <td />
                  <td />
                  <td />
                  <td />
                </tr>
                <tr
                  id="tr_47"
                >
                  <td />
                  <td />
                  <td />
                  <td />
                  <td />
                </tr>
                <tr
                  id="tr_70"
                >
                  <td />
                  <td />
                  <td />
                  <td />
                  <td />
                </tr>
                <tr
                  id="tr_48"
                >
                  <td />
                  <td />
                  <td />
                  <td />
                  <td />
                </tr>
                <tr
                  id="tr_2"
                >
                  <td />
                  <td />
                  <td />
                  <td />
                  <td />
                </tr>
                <tr
                  id="tr_70"
                >
                  <td />
                  <td />
                  <td />
                  <td />
                  <td />
                </tr>
                <tr
                  id="tr_46"
                >
                  <td />
                  <td />
                  <td />
                  <td />
                  <td />
                </tr>
                <tr
                  id="tr_48"
                >
                  <td />
                  <td />
                  <td />
                  <td />
                  <td />
                </tr>
                <tr
                  id="tr_2"
                >
                  <td />
                  <td />
                  <td />
                  <td />
                  <td />
                </tr>
                <tr
                  id="tr_46"
                >
                  <td />
                  <td />
                  <td />
                  <td />
                  <td />
                </tr>
                <tr
                  id="tr_2"
                >
                  <td />
                  <td />
                  <td />
                  <td />
                  <td />
                </tr>
                <tr
                  id="tr_58"
                >
                  <td />
                  <td />
                  <td />
                  <td />
                  <td />
                </tr>
                <tr
                  id="tr_93"
                >
                  <td />
                  <td />
                  <td />
                  <td />
                  <td />
                </tr>
                <tr
                  id="tr_43"
                >
                  <td />
                  <td />
                  <td />
                  <td />
                  <td />
                </tr>
              </tbody>
              <tfoot>
                <tr
                  class="footer-columns"
                >
                  <th
                    class="footerRestoreColumn"
                    colspan="5"
                  >
                    <a
                      class="restore-columns"
                      href="#"
                    >
                      Some columns hidden - click to show all
                    </a>
                  </th>
                </tr>
              </tfoot>
            </table>
          </div>
        </div>
      </body>
    </html>,
  ],
}
`;
